[2020-01-30T12:06:31.873-0700][gc,heap] Heap region size: 1M
[2020-01-30T12:06:31.880-0700][gc     ] Using G1
[2020-01-30T12:06:31.881-0700][gc,heap,coops] Heap address: 0x00000007c0000000, size: 1024 MB, Compressed Oops mode: Zero based, Oop shift amount: 3
[2020-01-30T12:06:32.926-0700][gc,start     ] GC(0) Pause Young (Concurrent Start) (Metadata GC Threshold)
[2020-01-30T12:06:32.926-0700][gc,task      ] GC(0) Using 8 workers of 8 for evacuation
[2020-01-30T12:06:32.934-0700][gc,phases    ] GC(0)   Pre Evacuate Collection Set: 0.0ms
[2020-01-30T12:06:32.934-0700][gc,phases    ] GC(0)   Evacuate Collection Set: 7.3ms
[2020-01-30T12:06:32.934-0700][gc,phases    ] GC(0)   Post Evacuate Collection Set: 0.3ms
[2020-01-30T12:06:32.934-0700][gc,phases    ] GC(0)   Other: 0.6ms
[2020-01-30T12:06:32.934-0700][gc,heap      ] GC(0) Eden regions: 40->0(44)
[2020-01-30T12:06:32.934-0700][gc,heap      ] GC(0) Survivor regions: 0->7(7)
[2020-01-30T12:06:32.934-0700][gc,heap      ] GC(0) Old regions: 0->0
[2020-01-30T12:06:32.934-0700][gc,heap      ] GC(0) Humongous regions: 0->0
[2020-01-30T12:06:32.934-0700][gc,metaspace ] GC(0) Metaspace: 20768K->20768K(1069056K)
[2020-01-30T12:06:32.934-0700][gc           ] GC(0) Pause Young (Concurrent Start) (Metadata GC Threshold) 40M->6M(1024M) 8.408ms
[2020-01-30T12:06:32.934-0700][gc,cpu       ] GC(0) User=0.03s Sys=0.00s Real=0.01s
[2020-01-30T12:06:32.934-0700][gc           ] GC(1) Concurrent Cycle
[2020-01-30T12:06:32.934-0700][gc,marking   ] GC(1) Concurrent Clear Claimed Marks
[2020-01-30T12:06:32.934-0700][gc,marking   ] GC(1) Concurrent Clear Claimed Marks 0.032ms
[2020-01-30T12:06:32.934-0700][gc,marking   ] GC(1) Concurrent Scan Root Regions
[2020-01-30T12:06:32.936-0700][gc,marking   ] GC(1) Concurrent Scan Root Regions 1.579ms
[2020-01-30T12:06:32.936-0700][gc,marking   ] GC(1) Concurrent Mark (1.070s)
[2020-01-30T12:06:32.936-0700][gc,marking   ] GC(1) Concurrent Mark From Roots
[2020-01-30T12:06:32.936-0700][gc,task      ] GC(1) Using 2 workers of 2 for marking
[2020-01-30T12:06:32.936-0700][gc,marking   ] GC(1) Concurrent Mark From Roots 0.170ms
[2020-01-30T12:06:32.936-0700][gc,marking   ] GC(1) Concurrent Preclean
[2020-01-30T12:06:32.936-0700][gc,marking   ] GC(1) Concurrent Preclean 0.025ms
[2020-01-30T12:06:32.936-0700][gc,marking   ] GC(1) Concurrent Mark (1.070s, 1.071s) 0.230ms
[2020-01-30T12:06:32.936-0700][gc,start     ] GC(1) Pause Remark
[2020-01-30T12:06:32.937-0700][gc,stringtable] GC(1) Cleaned string and symbol table, strings: 7311 processed, 0 removed, symbols: 63878 processed, 39 removed
[2020-01-30T12:06:32.937-0700][gc            ] GC(1) Pause Remark 7M->7M(1024M) 1.278ms
[2020-01-30T12:06:32.937-0700][gc,cpu        ] GC(1) User=0.01s Sys=0.00s Real=0.00s
[2020-01-30T12:06:32.937-0700][gc,marking    ] GC(1) Concurrent Rebuild Remembered Sets
[2020-01-30T12:06:32.937-0700][gc,marking    ] GC(1) Concurrent Rebuild Remembered Sets 0.066ms
[2020-01-30T12:06:32.938-0700][gc,start      ] GC(1) Pause Cleanup
[2020-01-30T12:06:32.938-0700][gc            ] GC(1) Pause Cleanup 7M->7M(1024M) 0.125ms
[2020-01-30T12:06:32.938-0700][gc,cpu        ] GC(1) User=0.00s Sys=0.00s Real=0.00s
[2020-01-30T12:06:32.938-0700][gc,marking    ] GC(1) Concurrent Cleanup for Next Mark
[2020-01-30T12:06:32.943-0700][gc,marking    ] GC(1) Concurrent Cleanup for Next Mark 5.218ms
[2020-01-30T12:06:32.943-0700][gc            ] GC(1) Concurrent Cycle 9.037ms
[2020-01-30T12:06:33.828-0700][gc,start      ] GC(2) Pause Young (Normal) (G1 Evacuation Pause)
[2020-01-30T12:06:33.828-0700][gc,task       ] GC(2) Using 8 workers of 8 for evacuation
[2020-01-30T12:06:33.834-0700][gc,phases     ] GC(2)   Pre Evacuate Collection Set: 0.0ms
[2020-01-30T12:06:33.834-0700][gc,phases     ] GC(2)   Evacuate Collection Set: 5.6ms
[2020-01-30T12:06:33.834-0700][gc,phases     ] GC(2)   Post Evacuate Collection Set: 0.3ms
[2020-01-30T12:06:33.834-0700][gc,phases     ] GC(2)   Other: 0.1ms
[2020-01-30T12:06:33.834-0700][gc,heap       ] GC(2) Eden regions: 44->0(48)
[2020-01-30T12:06:33.834-0700][gc,heap       ] GC(2) Survivor regions: 7->3(7)
[2020-01-30T12:06:33.834-0700][gc,heap       ] GC(2) Old regions: 0->7
[2020-01-30T12:06:33.834-0700][gc,heap       ] GC(2) Humongous regions: 129->129
[2020-01-30T12:06:33.834-0700][gc,metaspace  ] GC(2) Metaspace: 30608K->30608K(1077248K)
[2020-01-30T12:06:33.834-0700][gc            ] GC(2) Pause Young (Normal) (G1 Evacuation Pause) 179M->137M(1024M) 6.230ms
[2020-01-30T12:06:33.834-0700][gc,cpu        ] GC(2) User=0.03s Sys=0.01s Real=0.01s
[2020-01-30T12:06:34.155-0700][gc,start      ] GC(3) Pause Young (Concurrent Start) (Metadata GC Threshold)
[2020-01-30T12:06:34.155-0700][gc,task       ] GC(3) Using 8 workers of 8 for evacuation
[2020-01-30T12:06:34.157-0700][gc,phases     ] GC(3)   Pre Evacuate Collection Set: 0.1ms
[2020-01-30T12:06:34.157-0700][gc,phases     ] GC(3)   Evacuate Collection Set: 2.3ms
[2020-01-30T12:06:34.157-0700][gc,phases     ] GC(3)   Post Evacuate Collection Set: 0.2ms
[2020-01-30T12:06:34.157-0700][gc,phases     ] GC(3)   Other: 0.2ms
[2020-01-30T12:06:34.158-0700][gc,heap       ] GC(3) Eden regions: 23->0(46)
[2020-01-30T12:06:34.158-0700][gc,heap       ] GC(3) Survivor regions: 3->5(7)
[2020-01-30T12:06:34.158-0700][gc,heap       ] GC(3) Old regions: 7->7
[2020-01-30T12:06:34.158-0700][gc,heap       ] GC(3) Humongous regions: 129->129
[2020-01-30T12:06:34.158-0700][gc,metaspace  ] GC(3) Metaspace: 34455K->34455K(1081344K)
[2020-01-30T12:06:34.158-0700][gc            ] GC(3) Pause Young (Concurrent Start) (Metadata GC Threshold) 159M->139M(1024M) 2.871ms
[2020-01-30T12:06:34.158-0700][gc,cpu        ] GC(3) User=0.02s Sys=0.01s Real=0.00s
[2020-01-30T12:06:34.158-0700][gc            ] GC(4) Concurrent Cycle
[2020-01-30T12:06:34.158-0700][gc,marking    ] GC(4) Concurrent Clear Claimed Marks
[2020-01-30T12:06:34.158-0700][gc,marking    ] GC(4) Concurrent Clear Claimed Marks 0.032ms
[2020-01-30T12:06:34.158-0700][gc,marking    ] GC(4) Concurrent Scan Root Regions
[2020-01-30T12:06:34.159-0700][gc,marking    ] GC(4) Concurrent Scan Root Regions 1.580ms
[2020-01-30T12:06:34.159-0700][gc,marking    ] GC(4) Concurrent Mark (2.294s)
[2020-01-30T12:06:34.159-0700][gc,marking    ] GC(4) Concurrent Mark From Roots
[2020-01-30T12:06:34.159-0700][gc,task       ] GC(4) Using 2 workers of 2 for marking
[2020-01-30T12:06:34.164-0700][gc,marking    ] GC(4) Concurrent Mark From Roots 4.441ms
[2020-01-30T12:06:34.164-0700][gc,marking    ] GC(4) Concurrent Preclean
[2020-01-30T12:06:34.164-0700][gc,marking    ] GC(4) Concurrent Preclean 0.157ms
[2020-01-30T12:06:34.164-0700][gc,marking    ] GC(4) Concurrent Mark (2.294s, 2.299s) 4.651ms
[2020-01-30T12:06:34.164-0700][gc,start      ] GC(4) Pause Remark
[2020-01-30T12:06:34.166-0700][gc,stringtable] GC(4) Cleaned string and symbol table, strings: 13287 processed, 8 removed, symbols: 98623 processed, 35 removed
[2020-01-30T12:06:34.166-0700][gc            ] GC(4) Pause Remark 141M->141M(1024M) 1.848ms
[2020-01-30T12:06:34.166-0700][gc,cpu        ] GC(4) User=0.02s Sys=0.00s Real=0.00s
[2020-01-30T12:06:34.166-0700][gc,marking    ] GC(4) Concurrent Rebuild Remembered Sets
[2020-01-30T12:06:34.169-0700][gc,marking    ] GC(4) Concurrent Rebuild Remembered Sets 3.293ms
[2020-01-30T12:06:34.169-0700][gc,start      ] GC(4) Pause Cleanup
[2020-01-30T12:06:34.170-0700][gc            ] GC(4) Pause Cleanup 142M->142M(1024M) 0.155ms
[2020-01-30T12:06:34.170-0700][gc,cpu        ] GC(4) User=0.00s Sys=0.00s Real=0.01s
[2020-01-30T12:06:34.170-0700][gc,marking    ] GC(4) Concurrent Cleanup for Next Mark
[2020-01-30T12:06:34.174-0700][gc,marking    ] GC(4) Concurrent Cleanup for Next Mark 4.430ms
[2020-01-30T12:06:34.179-0700][gc            ] GC(4) Concurrent Cycle 21.153ms
[2020-01-30T12:09:08.922-0700][gc,start      ] GC(5) Pause Young (Normal) (G1 Evacuation Pause)
[2020-01-30T12:09:08.922-0700][gc,task       ] GC(5) Using 8 workers of 8 for evacuation
[2020-01-30T12:09:08.928-0700][gc,phases     ] GC(5)   Pre Evacuate Collection Set: 0.0ms
[2020-01-30T12:09:08.928-0700][gc,phases     ] GC(5)   Evacuate Collection Set: 5.2ms
[2020-01-30T12:09:08.928-0700][gc,phases     ] GC(5)   Post Evacuate Collection Set: 0.6ms
[2020-01-30T12:09:08.928-0700][gc,phases     ] GC(5)   Other: 0.2ms
[2020-01-30T12:09:08.928-0700][gc,heap       ] GC(5) Eden regions: 46->0(46)
[2020-01-30T12:09:08.928-0700][gc,heap       ] GC(5) Survivor regions: 5->5(7)
[2020-01-30T12:09:08.928-0700][gc,heap       ] GC(5) Old regions: 7->9
[2020-01-30T12:09:08.928-0700][gc,heap       ] GC(5) Humongous regions: 129->129
[2020-01-30T12:09:08.928-0700][gc,metaspace  ] GC(5) Metaspace: 44030K->44030K(1089536K)
[2020-01-30T12:09:08.928-0700][gc            ] GC(5) Pause Young (Normal) (G1 Evacuation Pause) 185M->142M(1024M) 6.192ms
[2020-01-30T12:09:08.928-0700][gc,cpu        ] GC(5) User=0.04s Sys=0.00s Real=0.00s
[2020-01-30T12:13:48.869-0700][gc,start      ] GC(6) Pause Young (Normal) (G1 Evacuation Pause)
[2020-01-30T12:13:48.869-0700][gc,task       ] GC(6) Using 8 workers of 8 for evacuation
[2020-01-30T12:13:48.883-0700][gc,phases     ] GC(6)   Pre Evacuate Collection Set: 0.0ms
[2020-01-30T12:13:48.883-0700][gc,phases     ] GC(6)   Evacuate Collection Set: 12.6ms
[2020-01-30T12:13:48.883-0700][gc,phases     ] GC(6)   Post Evacuate Collection Set: 0.9ms
[2020-01-30T12:13:48.883-0700][gc,phases     ] GC(6)   Other: 0.4ms
[2020-01-30T12:13:48.883-0700][gc,heap       ] GC(6) Eden regions: 46->0(45)
[2020-01-30T12:13:48.883-0700][gc,heap       ] GC(6) Survivor regions: 5->6(7)
[2020-01-30T12:13:48.883-0700][gc,heap       ] GC(6) Old regions: 9->11
[2020-01-30T12:13:48.884-0700][gc,heap       ] GC(6) Humongous regions: 129->129
[2020-01-30T12:13:48.884-0700][gc,metaspace  ] GC(6) Metaspace: 47256K->47256K(1091584K)
[2020-01-30T12:13:48.884-0700][gc            ] GC(6) Pause Young (Normal) (G1 Evacuation Pause) 188M->144M(1024M) 14.219ms
[2020-01-30T12:13:48.884-0700][gc,cpu        ] GC(6) User=0.08s Sys=0.00s Real=0.02s
[2020-01-30T12:17:02.345-0700][gc,start      ] GC(7) Pause Young (Normal) (G1 Evacuation Pause)
[2020-01-30T12:17:02.345-0700][gc,task       ] GC(7) Using 8 workers of 8 for evacuation
[2020-01-30T12:17:02.355-0700][gc,phases     ] GC(7)   Pre Evacuate Collection Set: 0.0ms
[2020-01-30T12:17:02.355-0700][gc,phases     ] GC(7)   Evacuate Collection Set: 8.9ms
[2020-01-30T12:17:02.355-0700][gc,phases     ] GC(7)   Post Evacuate Collection Set: 0.6ms
[2020-01-30T12:17:02.355-0700][gc,phases     ] GC(7)   Other: 0.4ms
[2020-01-30T12:17:02.355-0700][gc,heap       ] GC(7) Eden regions: 45->0(46)
[2020-01-30T12:17:02.355-0700][gc,heap       ] GC(7) Survivor regions: 6->5(7)
[2020-01-30T12:17:02.355-0700][gc,heap       ] GC(7) Old regions: 11->13
[2020-01-30T12:17:02.355-0700][gc,heap       ] GC(7) Humongous regions: 129->129
[2020-01-30T12:17:02.355-0700][gc,metaspace  ] GC(7) Metaspace: 47409K->47409K(1091584K)
[2020-01-30T12:17:02.355-0700][gc            ] GC(7) Pause Young (Normal) (G1 Evacuation Pause) 189M->146M(1024M) 10.170ms
[2020-01-30T12:17:02.355-0700][gc,cpu        ] GC(7) User=0.07s Sys=0.00s Real=0.01s
[2020-01-30T12:20:32.350-0700][gc,start      ] GC(8) Pause Young (Normal) (G1 Evacuation Pause)
[2020-01-30T12:20:32.350-0700][gc,task       ] GC(8) Using 8 workers of 8 for evacuation
[2020-01-30T12:20:32.358-0700][gc,phases     ] GC(8)   Pre Evacuate Collection Set: 0.0ms
[2020-01-30T12:20:32.358-0700][gc,phases     ] GC(8)   Evacuate Collection Set: 6.6ms
[2020-01-30T12:20:32.358-0700][gc,phases     ] GC(8)   Post Evacuate Collection Set: 0.5ms
[2020-01-30T12:20:32.358-0700][gc,phases     ] GC(8)   Other: 0.4ms
[2020-01-30T12:20:32.358-0700][gc,heap       ] GC(8) Eden regions: 46->0(48)
[2020-01-30T12:20:32.358-0700][gc,heap       ] GC(8) Survivor regions: 5->3(7)
[2020-01-30T12:20:32.358-0700][gc,heap       ] GC(8) Old regions: 13->15
[2020-01-30T12:20:32.358-0700][gc,heap       ] GC(8) Humongous regions: 129->129
[2020-01-30T12:20:32.358-0700][gc,metaspace  ] GC(8) Metaspace: 47525K->47525K(1091584K)
[2020-01-30T12:20:32.358-0700][gc            ] GC(8) Pause Young (Normal) (G1 Evacuation Pause) 192M->146M(1024M) 7.812ms
[2020-01-30T12:20:32.358-0700][gc,cpu        ] GC(8) User=0.05s Sys=0.01s Real=0.00s
[2020-01-30T12:24:25.478-0700][gc,start      ] GC(9) Pause Young (Normal) (G1 Evacuation Pause)
[2020-01-30T12:24:25.478-0700][gc,task       ] GC(9) Using 8 workers of 8 for evacuation
[2020-01-30T12:24:25.485-0700][gc,phases     ] GC(9)   Pre Evacuate Collection Set: 0.0ms
[2020-01-30T12:24:25.485-0700][gc,phases     ] GC(9)   Evacuate Collection Set: 6.1ms
[2020-01-30T12:24:25.485-0700][gc,phases     ] GC(9)   Post Evacuate Collection Set: 0.3ms
[2020-01-30T12:24:25.485-0700][gc,phases     ] GC(9)   Other: 0.4ms
[2020-01-30T12:24:25.485-0700][gc,heap       ] GC(9) Eden regions: 48->0(185)
[2020-01-30T12:24:25.485-0700][gc,heap       ] GC(9) Survivor regions: 3->3(7)
[2020-01-30T12:24:25.485-0700][gc,heap       ] GC(9) Old regions: 15->15
[2020-01-30T12:24:25.485-0700][gc,heap       ] GC(9) Humongous regions: 129->129
[2020-01-30T12:24:25.485-0700][gc,metaspace  ] GC(9) Metaspace: 47608K->47608K(1091584K)
[2020-01-30T12:24:25.485-0700][gc            ] GC(9) Pause Young (Normal) (G1 Evacuation Pause) 194M->146M(1024M) 7.167ms
[2020-01-30T12:24:25.485-0700][gc,cpu        ] GC(9) User=0.04s Sys=0.00s Real=0.01s
[2020-01-30T12:39:48.482-0700][gc,start      ] GC(10) Pause Young (Normal) (G1 Evacuation Pause)
[2020-01-30T12:39:48.482-0700][gc,task       ] GC(10) Using 8 workers of 8 for evacuation
[2020-01-30T12:39:48.496-0700][gc,phases     ] GC(10)   Pre Evacuate Collection Set: 0.0ms
[2020-01-30T12:39:48.496-0700][gc,phases     ] GC(10)   Evacuate Collection Set: 13.2ms
[2020-01-30T12:39:48.496-0700][gc,phases     ] GC(10)   Post Evacuate Collection Set: 0.4ms
[2020-01-30T12:39:48.496-0700][gc,phases     ] GC(10)   Other: 0.5ms
[2020-01-30T12:39:48.496-0700][gc,heap       ] GC(10) Eden regions: 185->0(61)
[2020-01-30T12:39:48.496-0700][gc,heap       ] GC(10) Survivor regions: 3->10(24)
[2020-01-30T12:39:48.496-0700][gc,heap       ] GC(10) Old regions: 15->15
[2020-01-30T12:39:48.496-0700][gc,heap       ] GC(10) Humongous regions: 129->129
[2020-01-30T12:39:48.496-0700][gc,metaspace  ] GC(10) Metaspace: 47672K->47672K(1091584K)
[2020-01-30T12:39:48.496-0700][gc            ] GC(10) Pause Young (Normal) (G1 Evacuation Pause) 331M->153M(1024M) 14.521ms
[2020-01-30T12:39:48.497-0700][gc,cpu        ] GC(10) User=0.09s Sys=0.01s Real=0.01s
[2020-01-30T13:17:02.148-0700][gc,start      ] GC(11) Pause Young (Normal) (G1 Evacuation Pause)
[2020-01-30T13:17:02.149-0700][gc,task       ] GC(11) Using 8 workers of 8 for evacuation
[2020-01-30T13:17:02.164-0700][gc,phases     ] GC(11)   Pre Evacuate Collection Set: 0.0ms
[2020-01-30T13:17:02.164-0700][gc,phases     ] GC(11)   Evacuate Collection Set: 14.1ms
[2020-01-30T13:17:02.164-0700][gc,phases     ] GC(11)   Post Evacuate Collection Set: 0.3ms
[2020-01-30T13:17:02.164-0700][gc,phases     ] GC(11)   Other: 1.0ms
[2020-01-30T13:17:02.164-0700][gc,heap       ] GC(11) Eden regions: 61->0(66)
[2020-01-30T13:17:02.164-0700][gc,heap       ] GC(11) Survivor regions: 10->4(9)
[2020-01-30T13:17:02.164-0700][gc,heap       ] GC(11) Old regions: 15->23
[2020-01-30T13:17:02.164-0700][gc,heap       ] GC(11) Humongous regions: 129->129
[2020-01-30T13:17:02.164-0700][gc,metaspace  ] GC(11) Metaspace: 47695K->47695K(1091584K)
[2020-01-30T13:17:02.164-0700][gc            ] GC(11) Pause Young (Normal) (G1 Evacuation Pause) 214M->155M(1024M) 15.565ms
[2020-01-30T13:17:02.164-0700][gc,cpu        ] GC(11) User=0.09s Sys=0.01s Real=0.02s
[2020-01-30T13:22:22.396-0700][gc,start      ] GC(12) Pause Young (Normal) (G1 Evacuation Pause)
[2020-01-30T13:22:22.397-0700][gc,task       ] GC(12) Using 8 workers of 8 for evacuation
[2020-01-30T13:22:22.409-0700][gc,phases     ] GC(12)   Pre Evacuate Collection Set: 0.0ms
[2020-01-30T13:22:22.409-0700][gc,phases     ] GC(12)   Evacuate Collection Set: 10.9ms
[2020-01-30T13:22:22.409-0700][gc,phases     ] GC(12)   Post Evacuate Collection Set: 0.4ms
[2020-01-30T13:22:22.409-0700][gc,phases     ] GC(12)   Other: 1.4ms
[2020-01-30T13:22:22.409-0700][gc,heap       ] GC(12) Eden regions: 66->0(55)
[2020-01-30T13:22:22.409-0700][gc,heap       ] GC(12) Survivor regions: 4->9(9)
[2020-01-30T13:22:22.409-0700][gc,heap       ] GC(12) Old regions: 23->23
[2020-01-30T13:22:22.409-0700][gc,heap       ] GC(12) Humongous regions: 129->129
[2020-01-30T13:22:22.409-0700][gc,metaspace  ] GC(12) Metaspace: 47720K->47720K(1091584K)
[2020-01-30T13:22:22.409-0700][gc            ] GC(12) Pause Young (Normal) (G1 Evacuation Pause) 221M->159M(1024M) 12.923ms
[2020-01-30T13:22:22.409-0700][gc,cpu        ] GC(12) User=0.08s Sys=0.00s Real=0.01s
[2020-01-30T13:26:45.648-0700][gc,start      ] GC(13) Pause Young (Normal) (G1 Evacuation Pause)
[2020-01-30T13:26:45.649-0700][gc,task       ] GC(13) Using 8 workers of 8 for evacuation
[2020-01-30T13:26:45.664-0700][gc,phases     ] GC(13)   Pre Evacuate Collection Set: 0.1ms
[2020-01-30T13:26:45.664-0700][gc,phases     ] GC(13)   Evacuate Collection Set: 14.6ms
[2020-01-30T13:26:45.664-0700][gc,phases     ] GC(13)   Post Evacuate Collection Set: 0.4ms
[2020-01-30T13:26:45.664-0700][gc,phases     ] GC(13)   Other: 1.6ms
[2020-01-30T13:26:45.664-0700][gc,heap       ] GC(13) Eden regions: 54->0(66)
[2020-01-30T13:26:45.664-0700][gc,heap       ] GC(13) Survivor regions: 9->6(8)
[2020-01-30T13:26:45.664-0700][gc,heap       ] GC(13) Old regions: 23->31
[2020-01-30T13:26:45.665-0700][gc,heap       ] GC(13) Humongous regions: 129->129
[2020-01-30T13:26:45.665-0700][gc,metaspace  ] GC(13) Metaspace: 47737K->47737K(1091584K)
[2020-01-30T13:26:45.665-0700][gc            ] GC(13) Pause Young (Normal) (G1 Evacuation Pause) 213M->164M(1024M) 16.754ms
[2020-01-30T13:26:45.665-0700][gc,cpu        ] GC(13) User=0.09s Sys=0.01s Real=0.02s
[2020-01-30T13:32:09.515-0700][gc,start      ] GC(14) Pause Young (Normal) (G1 Evacuation Pause)
[2020-01-30T13:32:09.515-0700][gc,task       ] GC(14) Using 8 workers of 8 for evacuation
[2020-01-30T13:32:09.524-0700][gc,phases     ] GC(14)   Pre Evacuate Collection Set: 0.0ms
[2020-01-30T13:32:09.524-0700][gc,phases     ] GC(14)   Evacuate Collection Set: 7.9ms
[2020-01-30T13:32:09.524-0700][gc,phases     ] GC(14)   Post Evacuate Collection Set: 0.3ms
[2020-01-30T13:32:09.524-0700][gc,phases     ] GC(14)   Other: 0.7ms
[2020-01-30T13:32:09.524-0700][gc,heap       ] GC(14) Eden regions: 66->0(72)
[2020-01-30T13:32:09.524-0700][gc,heap       ] GC(14) Survivor regions: 6->7(9)
[2020-01-30T13:32:09.524-0700][gc,heap       ] GC(14) Old regions: 31->36
[2020-01-30T13:32:09.524-0700][gc,heap       ] GC(14) Humongous regions: 129->129
[2020-01-30T13:32:09.524-0700][gc,metaspace  ] GC(14) Metaspace: 47761K->47761K(1091584K)
[2020-01-30T13:32:09.524-0700][gc            ] GC(14) Pause Young (Normal) (G1 Evacuation Pause) 230M->170M(1024M) 9.022ms
[2020-01-30T13:32:09.524-0700][gc,cpu        ] GC(14) User=0.05s Sys=0.00s Real=0.01s
[2020-01-30T13:38:02.180-0700][gc,start      ] GC(15) Pause Young (Normal) (G1 Evacuation Pause)
[2020-01-30T13:38:02.181-0700][gc,task       ] GC(15) Using 8 workers of 8 for evacuation
[2020-01-30T13:38:02.198-0700][gc,phases     ] GC(15)   Pre Evacuate Collection Set: 0.2ms
[2020-01-30T13:38:02.198-0700][gc,phases     ] GC(15)   Evacuate Collection Set: 15.4ms
[2020-01-30T13:38:02.198-0700][gc,phases     ] GC(15)   Post Evacuate Collection Set: 0.3ms
[2020-01-30T13:38:02.198-0700][gc,phases     ] GC(15)   Other: 1.4ms
[2020-01-30T13:38:02.198-0700][gc,heap       ] GC(15) Eden regions: 72->0(70)
[2020-01-30T13:38:02.198-0700][gc,heap       ] GC(15) Survivor regions: 7->7(10)
[2020-01-30T13:38:02.198-0700][gc,heap       ] GC(15) Old regions: 36->42
[2020-01-30T13:38:02.198-0700][gc,heap       ] GC(15) Humongous regions: 129->129
[2020-01-30T13:38:02.198-0700][gc,metaspace  ] GC(15) Metaspace: 47777K->47777K(1091584K)
[2020-01-30T13:38:02.198-0700][gc            ] GC(15) Pause Young (Normal) (G1 Evacuation Pause) 242M->177M(1024M) 17.544ms
[2020-01-30T13:38:02.198-0700][gc,cpu        ] GC(15) User=0.11s Sys=0.00s Real=0.01s
[2020-01-30T13:43:32.489-0700][gc,start      ] GC(16) Pause Young (Normal) (G1 Evacuation Pause)
[2020-01-30T13:43:32.490-0700][gc,task       ] GC(16) Using 8 workers of 8 for evacuation
[2020-01-30T13:43:32.501-0700][gc,phases     ] GC(16)   Pre Evacuate Collection Set: 0.0ms
[2020-01-30T13:43:32.501-0700][gc,phases     ] GC(16)   Evacuate Collection Set: 10.6ms
[2020-01-30T13:43:32.501-0700][gc,phases     ] GC(16)   Post Evacuate Collection Set: 0.3ms
[2020-01-30T13:43:32.501-0700][gc,phases     ] GC(16)   Other: 1.2ms
[2020-01-30T13:43:32.501-0700][gc,heap       ] GC(16) Eden regions: 70->0(83)
[2020-01-30T13:43:32.501-0700][gc,heap       ] GC(16) Survivor regions: 7->4(10)
[2020-01-30T13:43:32.501-0700][gc,heap       ] GC(16) Old regions: 42->49
[2020-01-30T13:43:32.501-0700][gc,heap       ] GC(16) Humongous regions: 129->129
[2020-01-30T13:43:32.501-0700][gc,metaspace  ] GC(16) Metaspace: 47826K->47826K(1091584K)
[2020-01-30T13:43:32.501-0700][gc            ] GC(16) Pause Young (Normal) (G1 Evacuation Pause) 247M->181M(1024M) 12.185ms
[2020-01-30T13:43:32.501-0700][gc,cpu        ] GC(16) User=0.07s Sys=0.00s Real=0.02s
[2020-01-30T13:50:14.126-0700][gc,start      ] GC(17) Pause Young (Normal) (G1 Evacuation Pause)
[2020-01-30T13:50:14.126-0700][gc,task       ] GC(17) Using 8 workers of 8 for evacuation
[2020-01-30T13:50:14.134-0700][gc,phases     ] GC(17)   Pre Evacuate Collection Set: 0.0ms
[2020-01-30T13:50:14.134-0700][gc,phases     ] GC(17)   Evacuate Collection Set: 7.5ms
[2020-01-30T13:50:14.134-0700][gc,phases     ] GC(17)   Post Evacuate Collection Set: 0.3ms
[2020-01-30T13:50:14.134-0700][gc,phases     ] GC(17)   Other: 0.3ms
[2020-01-30T13:50:14.134-0700][gc,heap       ] GC(17) Eden regions: 81->0(86)
[2020-01-30T13:50:14.134-0700][gc,heap       ] GC(17) Survivor regions: 4->5(11)
[2020-01-30T13:50:14.134-0700][gc,heap       ] GC(17) Old regions: 49->49
[2020-01-30T13:50:14.134-0700][gc,heap       ] GC(17) Humongous regions: 129->129
[2020-01-30T13:50:14.134-0700][gc,metaspace  ] GC(17) Metaspace: 47834K->47834K(1093632K)
[2020-01-30T13:50:14.134-0700][gc            ] GC(17) Pause Young (Normal) (G1 Evacuation Pause) 262M->181M(1024M) 8.193ms
[2020-01-30T13:50:14.134-0700][gc,cpu        ] GC(17) User=0.04s Sys=0.01s Real=0.01s
