[2020-01-30T15:22:19.382-0700][gc,heap] Heap region size: 1M
[2020-01-30T15:22:19.390-0700][gc     ] Using G1
[2020-01-30T15:22:19.390-0700][gc,heap,coops] Heap address: 0x00000007c0000000, size: 1024 MB, Compressed Oops mode: Zero based, Oop shift amount: 3
[2020-01-30T15:22:20.556-0700][gc,start     ] GC(0) Pause Young (Concurrent Start) (Metadata GC Threshold)
[2020-01-30T15:22:20.557-0700][gc,task      ] GC(0) Using 8 workers of 8 for evacuation
[2020-01-30T15:22:20.566-0700][gc,phases    ] GC(0)   Pre Evacuate Collection Set: 0.0ms
[2020-01-30T15:22:20.566-0700][gc,phases    ] GC(0)   Evacuate Collection Set: 8.7ms
[2020-01-30T15:22:20.566-0700][gc,phases    ] GC(0)   Post Evacuate Collection Set: 0.4ms
[2020-01-30T15:22:20.566-0700][gc,phases    ] GC(0)   Other: 0.5ms
[2020-01-30T15:22:20.566-0700][gc,heap      ] GC(0) Eden regions: 40->0(44)
[2020-01-30T15:22:20.566-0700][gc,heap      ] GC(0) Survivor regions: 0->7(7)
[2020-01-30T15:22:20.566-0700][gc,heap      ] GC(0) Old regions: 0->0
[2020-01-30T15:22:20.566-0700][gc,heap      ] GC(0) Humongous regions: 0->0
[2020-01-30T15:22:20.566-0700][gc,metaspace ] GC(0) Metaspace: 20777K->20777K(1069056K)
[2020-01-30T15:22:20.566-0700][gc           ] GC(0) Pause Young (Concurrent Start) (Metadata GC Threshold) 40M->6M(1024M) 9.828ms
[2020-01-30T15:22:20.566-0700][gc,cpu       ] GC(0) User=0.02s Sys=0.00s Real=0.01s
[2020-01-30T15:22:20.566-0700][gc           ] GC(1) Concurrent Cycle
[2020-01-30T15:22:20.566-0700][gc,marking   ] GC(1) Concurrent Clear Claimed Marks
[2020-01-30T15:22:20.566-0700][gc,marking   ] GC(1) Concurrent Clear Claimed Marks 0.040ms
[2020-01-30T15:22:20.566-0700][gc,marking   ] GC(1) Concurrent Scan Root Regions
[2020-01-30T15:22:20.568-0700][gc,marking   ] GC(1) Concurrent Scan Root Regions 2.133ms
[2020-01-30T15:22:20.568-0700][gc,marking   ] GC(1) Concurrent Mark (1.194s)
[2020-01-30T15:22:20.568-0700][gc,marking   ] GC(1) Concurrent Mark From Roots
[2020-01-30T15:22:20.568-0700][gc,task      ] GC(1) Using 2 workers of 2 for marking
[2020-01-30T15:22:20.569-0700][gc,marking   ] GC(1) Concurrent Mark From Roots 0.163ms
[2020-01-30T15:22:20.569-0700][gc,marking   ] GC(1) Concurrent Preclean
[2020-01-30T15:22:20.569-0700][gc,marking   ] GC(1) Concurrent Preclean 0.027ms
[2020-01-30T15:22:20.569-0700][gc,marking   ] GC(1) Concurrent Mark (1.194s, 1.194s) 0.240ms
[2020-01-30T15:22:20.569-0700][gc,start     ] GC(1) Pause Remark
[2020-01-30T15:22:20.571-0700][gc,stringtable] GC(1) Cleaned string and symbol table, strings: 7314 processed, 0 removed, symbols: 63872 processed, 40 removed
[2020-01-30T15:22:20.571-0700][gc            ] GC(1) Pause Remark 7M->7M(1024M) 2.048ms
[2020-01-30T15:22:20.571-0700][gc,cpu        ] GC(1) User=0.01s Sys=0.00s Real=0.01s
[2020-01-30T15:22:20.571-0700][gc,marking    ] GC(1) Concurrent Rebuild Remembered Sets
[2020-01-30T15:22:20.571-0700][gc,marking    ] GC(1) Concurrent Rebuild Remembered Sets 0.084ms
[2020-01-30T15:22:20.571-0700][gc,start      ] GC(1) Pause Cleanup
[2020-01-30T15:22:20.571-0700][gc            ] GC(1) Pause Cleanup 7M->7M(1024M) 0.124ms
[2020-01-30T15:22:20.571-0700][gc,cpu        ] GC(1) User=0.00s Sys=0.00s Real=0.00s
[2020-01-30T15:22:20.571-0700][gc,marking    ] GC(1) Concurrent Cleanup for Next Mark
[2020-01-30T15:22:20.576-0700][gc,marking    ] GC(1) Concurrent Cleanup for Next Mark 4.908ms
[2020-01-30T15:22:20.576-0700][gc            ] GC(1) Concurrent Cycle 10.025ms
[2020-01-30T15:22:21.613-0700][gc,start      ] GC(2) Pause Young (Normal) (G1 Evacuation Pause)
[2020-01-30T15:22:21.613-0700][gc,task       ] GC(2) Using 8 workers of 8 for evacuation
[2020-01-30T15:22:21.620-0700][gc,phases     ] GC(2)   Pre Evacuate Collection Set: 0.0ms
[2020-01-30T15:22:21.620-0700][gc,phases     ] GC(2)   Evacuate Collection Set: 5.8ms
[2020-01-30T15:22:21.620-0700][gc,phases     ] GC(2)   Post Evacuate Collection Set: 0.4ms
[2020-01-30T15:22:21.620-0700][gc,phases     ] GC(2)   Other: 0.2ms
[2020-01-30T15:22:21.620-0700][gc,heap       ] GC(2) Eden regions: 44->0(48)
[2020-01-30T15:22:21.620-0700][gc,heap       ] GC(2) Survivor regions: 7->3(7)
[2020-01-30T15:22:21.620-0700][gc,heap       ] GC(2) Old regions: 0->7
[2020-01-30T15:22:21.620-0700][gc,heap       ] GC(2) Humongous regions: 129->129
[2020-01-30T15:22:21.620-0700][gc,metaspace  ] GC(2) Metaspace: 30618K->30618K(1077248K)
[2020-01-30T15:22:21.620-0700][gc            ] GC(2) Pause Young (Normal) (G1 Evacuation Pause) 179M->137M(1024M) 6.514ms
[2020-01-30T15:22:21.620-0700][gc,cpu        ] GC(2) User=0.03s Sys=0.01s Real=0.01s
[2020-01-30T15:22:22.060-0700][gc,start      ] GC(3) Pause Young (Concurrent Start) (Metadata GC Threshold)
[2020-01-30T15:22:22.060-0700][gc,task       ] GC(3) Using 8 workers of 8 for evacuation
[2020-01-30T15:22:22.068-0700][gc,phases     ] GC(3)   Pre Evacuate Collection Set: 0.1ms
[2020-01-30T15:22:22.068-0700][gc,phases     ] GC(3)   Evacuate Collection Set: 7.2ms
[2020-01-30T15:22:22.068-0700][gc,phases     ] GC(3)   Post Evacuate Collection Set: 0.2ms
[2020-01-30T15:22:22.068-0700][gc,phases     ] GC(3)   Other: 0.4ms
[2020-01-30T15:22:22.068-0700][gc,heap       ] GC(3) Eden regions: 25->0(46)
[2020-01-30T15:22:22.068-0700][gc,heap       ] GC(3) Survivor regions: 3->5(7)
[2020-01-30T15:22:22.068-0700][gc,heap       ] GC(3) Old regions: 7->7
[2020-01-30T15:22:22.068-0700][gc,heap       ] GC(3) Humongous regions: 129->129
[2020-01-30T15:22:22.068-0700][gc,metaspace  ] GC(3) Metaspace: 34913K->34913K(1081344K)
[2020-01-30T15:22:22.068-0700][gc            ] GC(3) Pause Young (Concurrent Start) (Metadata GC Threshold) 162M->140M(1024M) 8.058ms
[2020-01-30T15:22:22.068-0700][gc,cpu        ] GC(3) User=0.02s Sys=0.00s Real=0.00s
[2020-01-30T15:22:22.068-0700][gc            ] GC(4) Concurrent Cycle
[2020-01-30T15:22:22.068-0700][gc,marking    ] GC(4) Concurrent Clear Claimed Marks
[2020-01-30T15:22:22.068-0700][gc,marking    ] GC(4) Concurrent Clear Claimed Marks 0.057ms
[2020-01-30T15:22:22.068-0700][gc,marking    ] GC(4) Concurrent Scan Root Regions
[2020-01-30T15:22:22.071-0700][gc,marking    ] GC(4) Concurrent Scan Root Regions 2.777ms
[2020-01-30T15:22:22.071-0700][gc,marking    ] GC(4) Concurrent Mark (2.696s)
[2020-01-30T15:22:22.071-0700][gc,marking    ] GC(4) Concurrent Mark From Roots
[2020-01-30T15:22:22.071-0700][gc,task       ] GC(4) Using 2 workers of 2 for marking
[2020-01-30T15:22:22.079-0700][gc,marking    ] GC(4) Concurrent Mark From Roots 8.066ms
[2020-01-30T15:22:22.079-0700][gc,marking    ] GC(4) Concurrent Preclean
[2020-01-30T15:22:22.079-0700][gc,marking    ] GC(4) Concurrent Preclean 0.099ms
[2020-01-30T15:22:22.079-0700][gc,marking    ] GC(4) Concurrent Mark (2.696s, 2.704s) 8.307ms
[2020-01-30T15:22:22.088-0700][gc,start      ] GC(4) Pause Remark
[2020-01-30T15:22:22.091-0700][gc,stringtable] GC(4) Cleaned string and symbol table, strings: 13335 processed, 8 removed, symbols: 99437 processed, 35 removed
[2020-01-30T15:22:22.091-0700][gc            ] GC(4) Pause Remark 140M->140M(1024M) 2.406ms
[2020-01-30T15:22:22.091-0700][gc,cpu        ] GC(4) User=0.01s Sys=0.00s Real=0.01s
[2020-01-30T15:22:22.091-0700][gc,marking    ] GC(4) Concurrent Rebuild Remembered Sets
[2020-01-30T15:22:22.094-0700][gc,marking    ] GC(4) Concurrent Rebuild Remembered Sets 3.501ms
[2020-01-30T15:22:22.095-0700][gc,start      ] GC(4) Pause Cleanup
[2020-01-30T15:22:22.095-0700][gc            ] GC(4) Pause Cleanup 141M->141M(1024M) 0.225ms
[2020-01-30T15:22:22.095-0700][gc,cpu        ] GC(4) User=0.00s Sys=0.00s Real=0.00s
[2020-01-30T15:22:22.095-0700][gc,marking    ] GC(4) Concurrent Cleanup for Next Mark
[2020-01-30T15:22:22.104-0700][gc,marking    ] GC(4) Concurrent Cleanup for Next Mark 8.450ms
[2020-01-30T15:22:22.104-0700][gc            ] GC(4) Concurrent Cycle 36.028ms
[2020-01-30T15:22:56.426-0700][gc,start      ] GC(5) Pause Young (Normal) (G1 Evacuation Pause)
[2020-01-30T15:22:56.426-0700][gc,task       ] GC(5) Using 8 workers of 8 for evacuation
[2020-01-30T15:22:56.432-0700][gc,phases     ] GC(5)   Pre Evacuate Collection Set: 0.0ms
[2020-01-30T15:22:56.432-0700][gc,phases     ] GC(5)   Evacuate Collection Set: 5.4ms
[2020-01-30T15:22:56.432-0700][gc,phases     ] GC(5)   Post Evacuate Collection Set: 0.4ms
[2020-01-30T15:22:56.432-0700][gc,phases     ] GC(5)   Other: 0.2ms
[2020-01-30T15:22:56.432-0700][gc,heap       ] GC(5) Eden regions: 46->0(45)
[2020-01-30T15:22:56.432-0700][gc,heap       ] GC(5) Survivor regions: 5->6(7)
[2020-01-30T15:22:56.432-0700][gc,heap       ] GC(5) Old regions: 7->9
[2020-01-30T15:22:56.432-0700][gc,heap       ] GC(5) Humongous regions: 129->129
[2020-01-30T15:22:56.432-0700][gc,metaspace  ] GC(5) Metaspace: 42809K->42809K(1087488K)
[2020-01-30T15:22:56.432-0700][gc            ] GC(5) Pause Young (Normal) (G1 Evacuation Pause) 186M->142M(1024M) 6.096ms
[2020-01-30T15:22:56.432-0700][gc,cpu        ] GC(5) User=0.04s Sys=0.01s Real=0.01s
[2020-01-30T15:25:20.507-0700][gc,start      ] GC(6) Pause Young (Normal) (G1 Evacuation Pause)
[2020-01-30T15:25:20.507-0700][gc,task       ] GC(6) Using 8 workers of 8 for evacuation
[2020-01-30T15:25:20.520-0700][gc,phases     ] GC(6)   Pre Evacuate Collection Set: 0.0ms
[2020-01-30T15:25:20.520-0700][gc,phases     ] GC(6)   Evacuate Collection Set: 11.6ms
[2020-01-30T15:25:20.520-0700][gc,phases     ] GC(6)   Post Evacuate Collection Set: 1.1ms
[2020-01-30T15:25:20.520-0700][gc,phases     ] GC(6)   Other: 0.4ms
[2020-01-30T15:25:20.520-0700][gc,heap       ] GC(6) Eden regions: 45->0(45)
[2020-01-30T15:25:20.521-0700][gc,heap       ] GC(6) Survivor regions: 6->6(7)
[2020-01-30T15:25:20.521-0700][gc,heap       ] GC(6) Old regions: 9->11
[2020-01-30T15:25:20.521-0700][gc,heap       ] GC(6) Humongous regions: 129->129
[2020-01-30T15:25:20.521-0700][gc,metaspace  ] GC(6) Metaspace: 46694K->46694K(1091584K)
[2020-01-30T15:25:20.521-0700][gc            ] GC(6) Pause Young (Normal) (G1 Evacuation Pause) 187M->145M(1024M) 13.453ms
[2020-01-30T15:25:20.521-0700][gc,cpu        ] GC(6) User=0.08s Sys=0.01s Real=0.02s
[2020-01-30T15:29:06.912-0700][gc,start      ] GC(7) Pause Young (Normal) (G1 Evacuation Pause)
[2020-01-30T15:29:06.912-0700][gc,task       ] GC(7) Using 8 workers of 8 for evacuation
[2020-01-30T15:29:06.922-0700][gc,phases     ] GC(7)   Pre Evacuate Collection Set: 0.0ms
[2020-01-30T15:29:06.922-0700][gc,phases     ] GC(7)   Evacuate Collection Set: 9.1ms
[2020-01-30T15:29:06.922-0700][gc,phases     ] GC(7)   Post Evacuate Collection Set: 0.7ms
[2020-01-30T15:29:06.922-0700][gc,phases     ] GC(7)   Other: 0.4ms
[2020-01-30T15:29:06.922-0700][gc,heap       ] GC(7) Eden regions: 45->0(47)
[2020-01-30T15:29:06.922-0700][gc,heap       ] GC(7) Survivor regions: 6->4(7)
[2020-01-30T15:29:06.922-0700][gc,heap       ] GC(7) Old regions: 11->14
[2020-01-30T15:29:06.922-0700][gc,heap       ] GC(7) Humongous regions: 129->129
[2020-01-30T15:29:06.922-0700][gc,metaspace  ] GC(7) Metaspace: 46826K->46826K(1091584K)
[2020-01-30T15:29:06.922-0700][gc            ] GC(7) Pause Young (Normal) (G1 Evacuation Pause) 190M->145M(1024M) 10.421ms
[2020-01-30T15:29:06.922-0700][gc,cpu        ] GC(7) User=0.07s Sys=0.00s Real=0.01s
[2020-01-30T15:42:01.520-0700][gc,start      ] GC(8) Pause Young (Normal) (G1 Evacuation Pause)
[2020-01-30T15:42:01.520-0700][gc,task       ] GC(8) Using 8 workers of 8 for evacuation
[2020-01-30T15:42:01.527-0700][gc,phases     ] GC(8)   Pre Evacuate Collection Set: 0.0ms
[2020-01-30T15:42:01.527-0700][gc,phases     ] GC(8)   Evacuate Collection Set: 6.3ms
[2020-01-30T15:42:01.527-0700][gc,phases     ] GC(8)   Post Evacuate Collection Set: 0.4ms
[2020-01-30T15:42:01.527-0700][gc,phases     ] GC(8)   Other: 0.3ms
[2020-01-30T15:42:01.527-0700][gc,heap       ] GC(8) Eden regions: 47->0(47)
[2020-01-30T15:42:01.527-0700][gc,heap       ] GC(8) Survivor regions: 4->4(7)
[2020-01-30T15:42:01.527-0700][gc,heap       ] GC(8) Old regions: 14->14
[2020-01-30T15:42:01.527-0700][gc,heap       ] GC(8) Humongous regions: 129->129
[2020-01-30T15:42:01.527-0700][gc,metaspace  ] GC(8) Metaspace: 47078K->47078K(1091584K)
[2020-01-30T15:42:01.527-0700][gc            ] GC(8) Pause Young (Normal) (G1 Evacuation Pause) 192M->145M(1024M) 7.233ms
[2020-01-30T15:42:01.528-0700][gc,cpu        ] GC(8) User=0.05s Sys=0.00s Real=0.00s
[2020-01-30T16:03:37.223-0700][gc,start      ] GC(9) Pause Young (Normal) (G1 Evacuation Pause)
[2020-01-30T16:03:37.223-0700][gc,task       ] GC(9) Using 8 workers of 8 for evacuation
[2020-01-30T16:03:37.230-0700][gc,phases     ] GC(9)   Pre Evacuate Collection Set: 0.1ms
[2020-01-30T16:03:37.230-0700][gc,phases     ] GC(9)   Evacuate Collection Set: 5.8ms
[2020-01-30T16:03:37.230-0700][gc,phases     ] GC(9)   Post Evacuate Collection Set: 1.1ms
[2020-01-30T16:03:37.230-0700][gc,phases     ] GC(9)   Other: 0.5ms
[2020-01-30T16:03:37.230-0700][gc,heap       ] GC(9) Eden regions: 47->0(54)
[2020-01-30T16:03:37.230-0700][gc,heap       ] GC(9) Survivor regions: 4->4(7)
[2020-01-30T16:03:37.230-0700][gc,heap       ] GC(9) Old regions: 14->14
[2020-01-30T16:03:37.230-0700][gc,heap       ] GC(9) Humongous regions: 129->129
[2020-01-30T16:03:37.230-0700][gc,metaspace  ] GC(9) Metaspace: 47174K->47174K(1091584K)
[2020-01-30T16:03:37.230-0700][gc            ] GC(9) Pause Young (Normal) (G1 Evacuation Pause) 192M->145M(1024M) 7.699ms
[2020-01-30T16:03:37.230-0700][gc,cpu        ] GC(9) User=0.04s Sys=0.01s Real=0.01s
[2020-01-30T16:29:07.702-0700][gc,start      ] GC(10) Pause Young (Normal) (G1 Evacuation Pause)
[2020-01-30T16:29:07.702-0700][gc,task       ] GC(10) Using 8 workers of 8 for evacuation
[2020-01-30T16:29:07.709-0700][gc,phases     ] GC(10)   Pre Evacuate Collection Set: 0.0ms
[2020-01-30T16:29:07.709-0700][gc,phases     ] GC(10)   Evacuate Collection Set: 5.8ms
[2020-01-30T16:29:07.709-0700][gc,phases     ] GC(10)   Post Evacuate Collection Set: 0.8ms
[2020-01-30T16:29:07.709-0700][gc,phases     ] GC(10)   Other: 0.4ms
[2020-01-30T16:29:07.709-0700][gc,heap       ] GC(10) Eden regions: 54->0(66)
[2020-01-30T16:29:07.709-0700][gc,heap       ] GC(10) Survivor regions: 4->4(8)
[2020-01-30T16:29:07.709-0700][gc,heap       ] GC(10) Old regions: 14->14
[2020-01-30T16:29:07.709-0700][gc,heap       ] GC(10) Humongous regions: 129->129
[2020-01-30T16:29:07.709-0700][gc,metaspace  ] GC(10) Metaspace: 47289K->47289K(1091584K)
[2020-01-30T16:29:07.709-0700][gc            ] GC(10) Pause Young (Normal) (G1 Evacuation Pause) 199M->145M(1024M) 7.297ms
[2020-01-30T16:29:07.709-0700][gc,cpu        ] GC(10) User=0.04s Sys=0.01s Real=0.00s
[2020-01-30T17:00:33.472-0700][gc,start      ] GC(11) Pause Young (Normal) (G1 Evacuation Pause)
[2020-01-30T17:00:33.472-0700][gc,task       ] GC(11) Using 8 workers of 8 for evacuation
[2020-01-30T17:00:33.479-0700][gc,phases     ] GC(11)   Pre Evacuate Collection Set: 0.2ms
[2020-01-30T17:00:33.479-0700][gc,phases     ] GC(11)   Evacuate Collection Set: 6.0ms
[2020-01-30T17:00:33.479-0700][gc,phases     ] GC(11)   Post Evacuate Collection Set: 0.7ms
[2020-01-30T17:00:33.479-0700][gc,phases     ] GC(11)   Other: 0.4ms
[2020-01-30T17:00:33.479-0700][gc,heap       ] GC(11) Eden regions: 66->0(82)
[2020-01-30T17:00:33.479-0700][gc,heap       ] GC(11) Survivor regions: 4->4(9)
[2020-01-30T17:00:33.479-0700][gc,heap       ] GC(11) Old regions: 14->14
[2020-01-30T17:00:33.479-0700][gc,heap       ] GC(11) Humongous regions: 129->129
[2020-01-30T17:00:33.479-0700][gc,metaspace  ] GC(11) Metaspace: 47339K->47339K(1091584K)
[2020-01-30T17:00:33.479-0700][gc            ] GC(11) Pause Young (Normal) (G1 Evacuation Pause) 211M->145M(1024M) 7.525ms
[2020-01-30T17:00:33.479-0700][gc,cpu        ] GC(11) User=0.04s Sys=0.00s Real=0.00s
[2020-01-30T19:31:32.789-0700][gc,start      ] GC(12) Pause Young (Normal) (G1 Evacuation Pause)
[2020-01-30T19:31:32.789-0700][gc,task       ] GC(12) Using 8 workers of 8 for evacuation
[2020-01-30T19:31:32.794-0700][gc,phases     ] GC(12)   Pre Evacuate Collection Set: 0.0ms
[2020-01-30T19:31:32.794-0700][gc,phases     ] GC(12)   Evacuate Collection Set: 4.3ms
[2020-01-30T19:31:32.794-0700][gc,phases     ] GC(12)   Post Evacuate Collection Set: 0.6ms
[2020-01-30T19:31:32.794-0700][gc,phases     ] GC(12)   Other: 0.3ms
[2020-01-30T19:31:32.794-0700][gc,heap       ] GC(12) Eden regions: 82->0(110)
[2020-01-30T19:31:32.794-0700][gc,heap       ] GC(12) Survivor regions: 4->4(11)
[2020-01-30T19:31:32.794-0700][gc,heap       ] GC(12) Old regions: 14->14
[2020-01-30T19:31:32.794-0700][gc,heap       ] GC(12) Humongous regions: 129->129
[2020-01-30T19:31:32.794-0700][gc,metaspace  ] GC(12) Metaspace: 47391K->47391K(1091584K)
[2020-01-30T19:31:32.794-0700][gc            ] GC(12) Pause Young (Normal) (G1 Evacuation Pause) 227M->145M(1024M) 5.443ms
[2020-01-30T19:31:32.794-0700][gc,cpu        ] GC(12) User=0.03s Sys=0.00s Real=0.01s
[2020-01-30T20:33:42.689-0700][gc,start      ] GC(13) Pause Young (Normal) (G1 Evacuation Pause)
[2020-01-30T20:33:42.689-0700][gc,task       ] GC(13) Using 8 workers of 8 for evacuation
[2020-01-30T20:33:42.695-0700][gc,phases     ] GC(13)   Pre Evacuate Collection Set: 0.0ms
[2020-01-30T20:33:42.695-0700][gc,phases     ] GC(13)   Evacuate Collection Set: 4.9ms
[2020-01-30T20:33:42.695-0700][gc,phases     ] GC(13)   Post Evacuate Collection Set: 0.7ms
[2020-01-30T20:33:42.695-0700][gc,phases     ] GC(13)   Other: 0.3ms
[2020-01-30T20:33:42.695-0700][gc,heap       ] GC(13) Eden regions: 110->0(139)
[2020-01-30T20:33:42.695-0700][gc,heap       ] GC(13) Survivor regions: 4->4(15)
[2020-01-30T20:33:42.695-0700][gc,heap       ] GC(13) Old regions: 14->14
[2020-01-30T20:33:42.695-0700][gc,heap       ] GC(13) Humongous regions: 129->129
[2020-01-30T20:33:42.695-0700][gc,metaspace  ] GC(13) Metaspace: 47436K->47436K(1091584K)
[2020-01-30T20:33:42.695-0700][gc            ] GC(13) Pause Young (Normal) (G1 Evacuation Pause) 255M->145M(1024M) 6.130ms
[2020-01-30T20:33:42.695-0700][gc,cpu        ] GC(13) User=0.04s Sys=0.00s Real=0.01s
[2020-01-30T21:40:26.201-0700][gc,start      ] GC(14) Pause Young (Normal) (G1 Evacuation Pause)
[2020-01-30T21:40:26.201-0700][gc,task       ] GC(14) Using 8 workers of 8 for evacuation
[2020-01-30T21:40:26.209-0700][gc,phases     ] GC(14)   Pre Evacuate Collection Set: 0.0ms
[2020-01-30T21:40:26.209-0700][gc,phases     ] GC(14)   Evacuate Collection Set: 6.6ms
[2020-01-30T21:40:26.209-0700][gc,phases     ] GC(14)   Post Evacuate Collection Set: 0.8ms
[2020-01-30T21:40:26.209-0700][gc,phases     ] GC(14)   Other: 0.4ms
[2020-01-30T21:40:26.209-0700][gc,heap       ] GC(14) Eden regions: 139->0(206)
[2020-01-30T21:40:26.209-0700][gc,heap       ] GC(14) Survivor regions: 4->4(18)
[2020-01-30T21:40:26.209-0700][gc,heap       ] GC(14) Old regions: 14->14
[2020-01-30T21:40:26.209-0700][gc,heap       ] GC(14) Humongous regions: 129->129
[2020-01-30T21:40:26.209-0700][gc,metaspace  ] GC(14) Metaspace: 47468K->47468K(1091584K)
[2020-01-30T21:40:26.209-0700][gc            ] GC(14) Pause Young (Normal) (G1 Evacuation Pause) 284M->145M(1024M) 8.126ms
[2020-01-30T21:40:26.209-0700][gc,cpu        ] GC(14) User=0.04s Sys=0.01s Real=0.00s
[2020-01-30T22:03:47.912-0700][gc,start      ] GC(15) Pause Young (Normal) (G1 Evacuation Pause)
[2020-01-30T22:03:47.912-0700][gc,task       ] GC(15) Using 8 workers of 8 for evacuation
[2020-01-30T22:03:47.926-0700][gc,phases     ] GC(15)   Pre Evacuate Collection Set: 0.0ms
[2020-01-30T22:03:47.926-0700][gc,phases     ] GC(15)   Evacuate Collection Set: 11.1ms
[2020-01-30T22:03:47.926-0700][gc,phases     ] GC(15)   Post Evacuate Collection Set: 2.2ms
[2020-01-30T22:03:47.926-0700][gc,phases     ] GC(15)   Other: 0.4ms
[2020-01-30T22:03:47.926-0700][gc,heap       ] GC(15) Eden regions: 206->0(610)
[2020-01-30T22:03:47.926-0700][gc,heap       ] GC(15) Survivor regions: 4->4(27)
[2020-01-30T22:03:47.926-0700][gc,heap       ] GC(15) Old regions: 14->14
[2020-01-30T22:03:47.926-0700][gc,heap       ] GC(15) Humongous regions: 129->129
[2020-01-30T22:03:47.926-0700][gc,metaspace  ] GC(15) Metaspace: 47548K->47548K(1091584K)
[2020-01-30T22:03:47.926-0700][gc            ] GC(15) Pause Young (Normal) (G1 Evacuation Pause) 351M->145M(1024M) 13.907ms
[2020-01-30T22:03:47.926-0700][gc,cpu        ] GC(15) User=0.04s Sys=0.01s Real=0.01s
