[2020-01-30T12:06:09.841-0700][gc,heap] Heap region size: 1M
[2020-01-30T12:06:09.846-0700][gc     ] Using G1
[2020-01-30T12:06:09.846-0700][gc,heap,coops] Heap address: 0x00000007e0000000, size: 512 MB, Compressed Oops mode: Zero based, Oop shift amount: 3
[2020-01-30T12:06:33.047-0700][gc,start     ] GC(0) Pause Young (Normal) (G1 Evacuation Pause)
[2020-01-30T12:06:33.048-0700][gc,task      ] GC(0) Using 8 workers of 8 for evacuation
[2020-01-30T12:06:33.055-0700][gc,phases    ] GC(0)   Pre Evacuate Collection Set: 0.0ms
[2020-01-30T12:06:33.055-0700][gc,phases    ] GC(0)   Evacuate Collection Set: 6.7ms
[2020-01-30T12:06:33.055-0700][gc,phases    ] GC(0)   Post Evacuate Collection Set: 0.4ms
[2020-01-30T12:06:33.055-0700][gc,phases    ] GC(0)   Other: 0.8ms
[2020-01-30T12:06:33.055-0700][gc,heap      ] GC(0) Eden regions: 25->0(21)
[2020-01-30T12:06:33.055-0700][gc,heap      ] GC(0) Survivor regions: 0->4(4)
[2020-01-30T12:06:33.055-0700][gc,heap      ] GC(0) Old regions: 0->2
[2020-01-30T12:06:33.055-0700][gc,heap      ] GC(0) Humongous regions: 0->0
[2020-01-30T12:06:33.055-0700][gc,metaspace ] GC(0) Metaspace: 15221K->15221K(1062912K)
[2020-01-30T12:06:33.055-0700][gc           ] GC(0) Pause Young (Normal) (G1 Evacuation Pause) 25M->5M(512M) 8.118ms
[2020-01-30T12:06:33.056-0700][gc,cpu       ] GC(0) User=0.02s Sys=0.01s Real=0.01s
[2020-01-30T13:52:40.295-0700][gc,heap,exit ] Heap
[2020-01-30T13:52:40.295-0700][gc,heap,exit ]  garbage-first heap   total 524288K, used 20119K [0x00000007e0000000, 0x0000000800000000)
[2020-01-30T13:52:40.295-0700][gc,heap,exit ]   region size 1024K, 19 young (19456K), 4 survivors (4096K)
[2020-01-30T13:52:40.295-0700][gc,heap,exit ]  Metaspace       used 16000K, capacity 16373K, committed 16640K, reserved 1064960K
[2020-01-30T13:52:40.295-0700][gc,heap,exit ]   class space    used 1583K, capacity 1708K, committed 1792K, reserved 1048576K
