[2020-01-31T10:51:35.749-0700][gc,heap] Heap region size: 1M
[2020-01-31T10:51:35.753-0700][gc     ] Using G1
[2020-01-31T10:51:35.753-0700][gc,heap,coops] Heap address: 0x00000007e0000000, size: 512 MB, Compressed Oops mode: Zero based, Oop shift amount: 3
[2020-01-31T10:51:44.008-0700][gc,start     ] GC(0) Pause Young (Normal) (G1 Evacuation Pause)
[2020-01-31T10:51:44.008-0700][gc,task      ] GC(0) Using 8 workers of 8 for evacuation
[2020-01-31T10:51:44.014-0700][gc,phases    ] GC(0)   Pre Evacuate Collection Set: 0.0ms
[2020-01-31T10:51:44.014-0700][gc,phases    ] GC(0)   Evacuate Collection Set: 5.4ms
[2020-01-31T10:51:44.014-0700][gc,phases    ] GC(0)   Post Evacuate Collection Set: 0.4ms
[2020-01-31T10:51:44.014-0700][gc,phases    ] GC(0)   Other: 0.7ms
[2020-01-31T10:51:44.014-0700][gc,heap      ] GC(0) Eden regions: 25->0(21)
[2020-01-31T10:51:44.014-0700][gc,heap      ] GC(0) Survivor regions: 0->4(4)
[2020-01-31T10:51:44.014-0700][gc,heap      ] GC(0) Old regions: 0->2
[2020-01-31T10:51:44.014-0700][gc,heap      ] GC(0) Humongous regions: 0->0
[2020-01-31T10:51:44.014-0700][gc,metaspace ] GC(0) Metaspace: 15223K->15223K(1062912K)
[2020-01-31T10:51:44.014-0700][gc           ] GC(0) Pause Young (Normal) (G1 Evacuation Pause) 25M->5M(512M) 6.711ms
[2020-01-31T10:51:44.014-0700][gc,cpu       ] GC(0) User=0.03s Sys=0.01s Real=0.01s
[2020-01-31T14:08:54.224-0700][gc,start     ] GC(1) Pause Young (Normal) (G1 Evacuation Pause)
[2020-01-31T14:08:54.224-0700][gc,task      ] GC(1) Using 8 workers of 8 for evacuation
[2020-01-31T14:08:54.233-0700][gc,phases    ] GC(1)   Pre Evacuate Collection Set: 0.1ms
[2020-01-31T14:08:54.233-0700][gc,phases    ] GC(1)   Evacuate Collection Set: 8.1ms
[2020-01-31T14:08:54.233-0700][gc,phases    ] GC(1)   Post Evacuate Collection Set: 0.5ms
[2020-01-31T14:08:54.233-0700][gc,phases    ] GC(1)   Other: 0.4ms
[2020-01-31T14:08:54.233-0700][gc,heap      ] GC(1) Eden regions: 21->0(24)
[2020-01-31T14:08:54.233-0700][gc,heap      ] GC(1) Survivor regions: 4->1(4)
[2020-01-31T14:08:54.233-0700][gc,heap      ] GC(1) Old regions: 2->6
[2020-01-31T14:08:54.233-0700][gc,heap      ] GC(1) Humongous regions: 0->0
[2020-01-31T14:08:54.233-0700][gc,metaspace ] GC(1) Metaspace: 16019K->16019K(1064960K)
[2020-01-31T14:08:54.234-0700][gc           ] GC(1) Pause Young (Normal) (G1 Evacuation Pause) 26M->6M(512M) 9.326ms
[2020-01-31T14:08:54.234-0700][gc,cpu       ] GC(1) User=0.05s Sys=0.01s Real=0.01s
[2020-01-31T17:11:59.855-0700][gc,heap,exit ] Heap
[2020-01-31T17:11:59.855-0700][gc,heap,exit ]  garbage-first heap   total 524288K, used 17625K [0x00000007e0000000, 0x0000000800000000)
[2020-01-31T17:11:59.855-0700][gc,heap,exit ]   region size 1024K, 13 young (13312K), 1 survivors (1024K)
[2020-01-31T17:11:59.855-0700][gc,heap,exit ]  Metaspace       used 16031K, capacity 16373K, committed 16640K, reserved 1064960K
[2020-01-31T17:11:59.855-0700][gc,heap,exit ]   class space    used 1583K, capacity 1708K, committed 1792K, reserved 1048576K
